2026-03-19 13:26:09,281 | INFO | Loaded config from configs/default.json
2026-03-19 13:26:09,281 | INFO | Parameters: Params(data_path=PosixPath('/nfs/user/zdaher/twoBoxesInHost/dataset_vox05'), out_dir=PosixPath('train_outputs_twoBoxesInHost'), n_epochs=400, batch_size_train=64, batch_size_val=16, lr=0.01, weight_decay=0.001, patience=5, factor=0.3, early_stop_patience=40, save_interval=50, in_channels=2, out_channels=2, base_features=16, depth=3, use_resblock=True, num_workers_train=4, num_workers_val=2, seed=0)
2026-03-19 13:26:17,059 | INFO | Epoch 001 | Train 2.26283 | Val 198.29038 | LR 1.00e-02
2026-03-19 13:26:17,101 | INFO | Saved new best model.
2026-03-19 13:26:19,499 | INFO | Epoch 002 | Train 1.16734 | Val 2.55309 | LR 1.00e-02
2026-03-19 13:26:19,541 | INFO | Saved new best model.
2026-03-19 13:26:21,939 | INFO | Epoch 003 | Train 0.73686 | Val 19.59786 | LR 1.00e-02
2026-03-19 13:26:24,354 | INFO | Epoch 004 | Train 0.78116 | Val 5.51285 | LR 1.00e-02
2026-03-19 13:26:26,757 | INFO | Epoch 005 | Train 0.70301 | Val 0.85299 | LR 1.00e-02
2026-03-19 13:26:26,800 | INFO | Saved new best model.
2026-03-19 13:26:29,210 | INFO | Epoch 006 | Train 0.29707 | Val 2.93176 | LR 1.00e-02
2026-03-19 13:26:31,640 | INFO | Epoch 007 | Train 0.27101 | Val 5.33055 | LR 1.00e-02
2026-03-19 13:26:34,079 | INFO | Epoch 008 | Train 0.11190 | Val 2.41403 | LR 1.00e-02
2026-03-19 13:26:36,490 | INFO | Epoch 009 | Train -0.09726 | Val -0.53425 | LR 1.00e-02
2026-03-19 13:26:36,533 | INFO | Saved new best model.
2026-03-19 13:26:38,925 | INFO | Epoch 010 | Train -0.02028 | Val 1.46020 | LR 1.00e-02
2026-03-19 13:26:41,341 | INFO | Epoch 011 | Train -0.16593 | Val 3.75664 | LR 1.00e-02
2026-03-19 13:26:43,788 | INFO | Epoch 012 | Train -0.29829 | Val -0.21600 | LR 1.00e-02
2026-03-19 13:26:46,197 | INFO | Epoch 013 | Train -0.38543 | Val -0.23143 | LR 1.00e-02
2026-03-19 13:26:48,608 | INFO | Epoch 014 | Train -0.27889 | Val -0.71400 | LR 1.00e-02
2026-03-19 13:26:48,650 | INFO | Saved new best model.
2026-03-19 13:26:51,033 | INFO | Epoch 015 | Train -0.29744 | Val -0.52600 | LR 1.00e-02
2026-03-19 13:26:53,443 | INFO | Epoch 016 | Train -0.36935 | Val -0.41003 | LR 1.00e-02
2026-03-19 13:26:55,855 | INFO | Epoch 017 | Train 0.10836 | Val 0.13606 | LR 1.00e-02
2026-03-19 13:26:58,244 | INFO | Epoch 018 | Train 0.38484 | Val 8.35353 | LR 1.00e-02
2026-03-19 13:27:00,657 | INFO | Epoch 019 | Train -0.01384 | Val -0.54185 | LR 1.00e-02
2026-03-19 13:27:03,028 | INFO | Epoch 020 | Train -0.21874 | Val -0.81171 | LR 1.00e-02
2026-03-19 13:27:03,070 | INFO | Saved new best model.
2026-03-19 13:27:05,496 | INFO | Epoch 021 | Train -0.23509 | Val 11.59457 | LR 1.00e-02
2026-03-19 13:27:07,873 | INFO | Epoch 022 | Train -0.16804 | Val 19.26236 | LR 1.00e-02
2026-03-19 13:27:10,276 | INFO | Epoch 023 | Train -0.24605 | Val -0.73011 | LR 1.00e-02
2026-03-19 13:27:12,715 | INFO | Epoch 024 | Train -0.35417 | Val 1.09750 | LR 1.00e-02
2026-03-19 13:27:15,157 | INFO | Epoch 025 | Train -0.46919 | Val 4.23216 | LR 1.00e-02
2026-03-19 13:27:17,605 | INFO | Epoch 026 | Train -0.34948 | Val -0.23674 | LR 3.00e-03
2026-03-19 13:27:19,991 | INFO | Epoch 027 | Train -0.50102 | Val -0.99781 | LR 3.00e-03
2026-03-19 13:27:20,032 | INFO | Saved new best model.
2026-03-19 13:27:22,443 | INFO | Epoch 028 | Train -0.55878 | Val -0.49170 | LR 3.00e-03
2026-03-19 13:27:24,841 | INFO | Epoch 029 | Train -0.59866 | Val -0.78566 | LR 3.00e-03
2026-03-19 13:27:27,239 | INFO | Epoch 030 | Train -0.62871 | Val -1.04753 | LR 3.00e-03
2026-03-19 13:27:27,280 | INFO | Saved new best model.
2026-03-19 13:27:29,703 | INFO | Epoch 031 | Train -0.63007 | Val -1.01159 | LR 3.00e-03
2026-03-19 13:27:32,126 | INFO | Epoch 032 | Train -0.65122 | Val -0.88120 | LR 3.00e-03
2026-03-19 13:27:34,541 | INFO | Epoch 033 | Train -0.63936 | Val -0.85683 | LR 3.00e-03
2026-03-19 13:27:36,960 | INFO | Epoch 034 | Train -0.62585 | Val -1.21815 | LR 3.00e-03
2026-03-19 13:27:37,003 | INFO | Saved new best model.
2026-03-19 13:27:39,417 | INFO | Epoch 035 | Train -0.67908 | Val -1.20231 | LR 3.00e-03
2026-03-19 13:27:41,789 | INFO | Epoch 036 | Train -0.65917 | Val -0.83321 | LR 3.00e-03
2026-03-19 13:27:44,196 | INFO | Epoch 037 | Train -0.66308 | Val -0.62202 | LR 3.00e-03
2026-03-19 13:27:46,581 | INFO | Epoch 038 | Train -0.64866 | Val -1.40596 | LR 3.00e-03
2026-03-19 13:27:46,624 | INFO | Saved new best model.
2026-03-19 13:27:48,985 | INFO | Epoch 039 | Train -0.58201 | Val -0.59212 | LR 3.00e-03
2026-03-19 13:27:51,360 | INFO | Epoch 040 | Train -0.58046 | Val -1.26073 | LR 3.00e-03
2026-03-19 13:27:53,759 | INFO | Epoch 041 | Train -0.67429 | Val -1.03299 | LR 3.00e-03
2026-03-19 13:27:56,195 | INFO | Epoch 042 | Train -0.67700 | Val -1.22670 | LR 3.00e-03
2026-03-19 13:27:58,570 | INFO | Epoch 043 | Train -0.58727 | Val -0.56911 | LR 3.00e-03
2026-03-19 13:28:00,955 | INFO | Epoch 044 | Train -0.30373 | Val -1.04959 | LR 9.00e-04
2026-03-19 13:28:03,329 | INFO | Epoch 045 | Train -0.61728 | Val -1.20826 | LR 9.00e-04
2026-03-19 13:28:05,719 | INFO | Epoch 046 | Train -0.66893 | Val -1.28096 | LR 9.00e-04
2026-03-19 13:28:08,169 | INFO | Epoch 047 | Train -0.71596 | Val -1.25669 | LR 9.00e-04
2026-03-19 13:28:10,588 | INFO | Epoch 048 | Train -0.73614 | Val -1.12596 | LR 9.00e-04
2026-03-19 13:28:12,974 | INFO | Epoch 049 | Train -0.73824 | Val -1.14152 | LR 9.00e-04
2026-03-19 13:28:15,396 | INFO | Epoch 050 | Train -0.76774 | Val -1.22353 | LR 2.70e-04
2026-03-19 13:28:17,912 | INFO | Epoch 051 | Train -0.76409 | Val -1.33211 | LR 2.70e-04
2026-03-19 13:28:20,288 | INFO | Epoch 052 | Train -0.78406 | Val -1.36902 | LR 2.70e-04
2026-03-19 13:28:22,702 | INFO | Epoch 053 | Train -0.79248 | Val -1.29080 | LR 2.70e-04
2026-03-19 13:28:25,110 | INFO | Epoch 054 | Train -0.78250 | Val -1.41705 | LR 2.70e-04
2026-03-19 13:28:25,153 | INFO | Saved new best model.
2026-03-19 13:28:27,535 | INFO | Epoch 055 | Train -0.80751 | Val -1.37172 | LR 2.70e-04
2026-03-19 13:28:29,937 | INFO | Epoch 056 | Train -0.80854 | Val -1.37232 | LR 2.70e-04
2026-03-19 13:28:32,359 | INFO | Epoch 057 | Train -0.81449 | Val -1.27827 | LR 2.70e-04
2026-03-19 13:28:34,761 | INFO | Epoch 058 | Train -0.82282 | Val -1.37091 | LR 2.70e-04
2026-03-19 13:28:37,198 | INFO | Epoch 059 | Train -0.81929 | Val -1.33709 | LR 2.70e-04
2026-03-19 13:28:39,621 | INFO | Epoch 060 | Train -0.82376 | Val -1.22081 | LR 8.10e-05
2026-03-19 13:28:41,972 | INFO | Epoch 061 | Train -0.82594 | Val -1.33870 | LR 8.10e-05
2026-03-19 13:28:44,368 | INFO | Epoch 062 | Train -0.83577 | Val -1.34832 | LR 8.10e-05
2026-03-19 13:28:46,768 | INFO | Epoch 063 | Train -0.83505 | Val -1.35783 | LR 8.10e-05
2026-03-19 13:28:49,217 | INFO | Epoch 064 | Train -0.82956 | Val -1.29042 | LR 8.10e-05
2026-03-19 13:28:51,605 | INFO | Epoch 065 | Train -0.84380 | Val -1.35856 | LR 8.10e-05
2026-03-19 13:28:54,043 | INFO | Epoch 066 | Train -0.83608 | Val -1.33290 | LR 2.43e-05
2026-03-19 13:28:56,412 | INFO | Epoch 067 | Train -0.84263 | Val -1.37258 | LR 2.43e-05
2026-03-19 13:28:58,864 | INFO | Epoch 068 | Train -0.84348 | Val -1.31636 | LR 2.43e-05
2026-03-19 13:29:01,275 | INFO | Epoch 069 | Train -0.83955 | Val -1.35433 | LR 2.43e-05
2026-03-19 13:29:03,673 | INFO | Epoch 070 | Train -0.84880 | Val -1.36046 | LR 2.43e-05
2026-03-19 13:29:06,069 | INFO | Epoch 071 | Train -0.84701 | Val -1.37526 | LR 2.43e-05
2026-03-19 13:29:08,452 | INFO | Epoch 072 | Train -0.83161 | Val -1.36110 | LR 7.29e-06
2026-03-19 13:29:10,849 | INFO | Epoch 073 | Train -0.84698 | Val -1.36618 | LR 7.29e-06
2026-03-19 13:29:13,245 | INFO | Epoch 074 | Train -0.84883 | Val -1.34800 | LR 7.29e-06
2026-03-19 13:29:15,652 | INFO | Epoch 075 | Train -0.85542 | Val -1.34718 | LR 7.29e-06
2026-03-19 13:29:18,042 | INFO | Epoch 076 | Train -0.83568 | Val -1.37222 | LR 7.29e-06
2026-03-19 13:29:20,463 | INFO | Epoch 077 | Train -0.84562 | Val -1.35220 | LR 7.29e-06
2026-03-19 13:29:22,880 | INFO | Epoch 078 | Train -0.84490 | Val -1.34765 | LR 2.19e-06
2026-03-19 13:29:25,279 | INFO | Epoch 079 | Train -0.84781 | Val -1.35450 | LR 2.19e-06